{"logTime": "0928/005623", "correlationVector":"uZ8ruY192bme4+f4/PTxkc.1","action":"SyncServerConnectionManagerRequest", "result":"SYNC_SERVER_OK", "context":{"environment":"Prod_southeastasia_prod-s01-064-apac-southeastasia", "migrationStage":"NotStarted", "server":"akswtt00300000t"}}
{"logTime": "0928/005623", "correlationVector":"uZ8ruY192bme4+f4/PTxkc.2","action":"ProcessGetUpdates", "result":"Done", "context":{"dataType":"Encryption Keys", "deleted":"0", "process_failed_to_decrypt":"0", "process_pending_decryption":"0", "process_success":"1", "total":"1"}}
{"logTime": "0928/005623", "correlationVector":"BuTU1DpsPrVnCSTDRO/E2C","action":"SyncServerConnectionManagerRequest", "result":"SYNC_SERVER_OK", "context":{"environment":"", "migrationStage":"", "server":""}}
{"logTime": "0928/005623", "correlationVector":"BuTU1DpsPrVnCSTDRO/E2C.0","action":"EncryptionKeysFetcher.DownloadKeys:", "result":"Success", "context":Key count: 2, Last key timestamp: 2026-09-01T04:21:48Z}
{"logTime": "0928/005624", "correlationVector":"BuTU1DpsPrVnCSTDRO/E2C.1","action":"EncryptionKeysManager::SetEncryptionKeys:", "result":"Success", "context":Key names[2]:[DREm5BmA5nwv+mTqRT6RPdAQ+/AArxn+VWV0iAPew2L8+qM7xnR/FWwlrjMpznEusUfV0WFqE97cOUIh26COog==][e0tDPbwgY6qbszcM4EIK8bCPZWhAVJRBZ81vb3oZe/Dk7zGTSreo4YyeRPHyXENZGkiFa0NC0s9in2qCvo2tRg==]}
{"logTime": "0928/005624", "correlationVector":"BuTU1DpsPrVnCSTDRO/E2C.2","action":"EncryptionKeysManager::SetEncryptionKeysWithTimestamps:", "result":"Success", "context":Key timestamps[2]:[2026-01-26T15:16:06Z][2026-09-01T04:21:48Z]}
{"logTime": "0928/005624", "correlationVector":"uZ8ruY192bme4+f4/PTxkc","action":"Initial GetUpdates", "result":"", "context":Reason: NEW_CLIENT. cV=uZ8ruY192bme4+f4/PTxkc}
{"logTime": "0928/005624", "correlationVector":"uZ8ruY192bme4+f4/PTxkc.3","action":"GetUpdates Response", "result":"Success", "context":Received 1 update(s). cV=uZ8ruY192bme4+f4/PTxkc.0;server=akswtt00300000t;cloudType=Consumer;environment=Prod_southeastasia_prod-s01-064-apac-southeastasia;migrationStage=NotStarted}
{"logTime": "0928/005624", "correlationVector":"N9tYf5WyLdy1yOBAUutokY","action":"Initial GetUpdates", "result":"", "context":Reason: NEWLY_SUPPORTED_DATATYPE. cV=N9tYf5WyLdy1yOBAUutokY}
{"logTime": "0928/005624", "correlationVector":"N9tYf5WyLdy1yOBAUutokY.1","action":"SyncServerConnectionManagerRequest", "result":"SYNC_SERVER_OK", "context":{"environment":"Prod_southeastasia_prod-s01-064-apac-southeastasia", "migrationStage":"NotStarted", "server":"akswtt003000030"}}
{"logTime": "0928/005624", "correlationVector":"N9tYf5WyLdy1yOBAUutokY.2","action":"ProcessGetUpdates", "result":"Done", "context":{"dataType":"Passwords", "deleted":"0", "process_failed_to_decrypt":"0", "process_pending_decryption":"0", "process_success":"1", "total":"1"}}
{"logTime": "0928/005624", "correlationVector":"N9tYf5WyLdy1yOBAUutokY.3","action":"GetUpdates Response", "result":"Success", "context":Received 1 update(s). cV=N9tYf5WyLdy1yOBAUutokY.0;server=akswtt003000030;cloudType=Consumer;environment=Prod_southeastasia_prod-s01-064-apac-southeastasia;migrationStage=NotStarted}
{"logTime": "0928/005624", "correlationVector":"ipJJ1i6oViDbRv1jFP9jUl","action":"Initial GetUpdates", "result":"", "context":Reason: NEWLY_SUPPORTED_DATATYPE. cV=ipJJ1i6oViDbRv1jFP9jUl}
{"logTime": "0928/005624", "correlationVector":"ipJJ1i6oViDbRv1jFP9jUl.1","action":"SyncServerConnectionManagerRequest", "result":"SYNC_SERVER_OK", "context":{"environment":"Prod_southeastasia_prod-s01-064-apac-southeastasia", "migrationStage":"NotStarted", "server":"akswtt003000009"}}
{"logTime": "0928/005624", "correlationVector":"ipJJ1i6oViDbRv1jFP9jUl.2","action":"ProcessGetUpdates", "result":"Done", "context":{"dataType":"Bookmarks", "deleted":"0", "process_failed_to_decrypt":"0", "process_pending_decryption":"0", "process_success":"6", "total":"6"}}
{"logTime": "0928/005624", "correlationVector":"ipJJ1i6oViDbRv1jFP9jUl.3","action":"ProcessGetUpdates", "result":"Done", "context":{"dataType":"Autofill Profiles", "deleted":"0", "process_failed_to_decrypt":"0", "process_pending_decryption":"0", "process_success":"1", "total":"1"}}
{"logTime": "0928/005624", "correlationVector":"ipJJ1i6oViDbRv1jFP9jUl.4","action":"ProcessGetUpdates", "result":"Done", "context":{"dataType":"Autofill", "deleted":"0", "process_failed_to_decrypt":"0", "process_pending_decryption":"0", "process_success":"3", "total":"3"}}
{"logTime": "0928/005624", "correlationVector":"ipJJ1i6oViDbRv1jFP9jUl.5","action":"GetUpdates Response", "result":"Success", "context":Received 10 update(s). cV=ipJJ1i6oViDbRv1jFP9jUl.0;server=akswtt003000009;cloudType=Consumer;environment=Prod_southeastasia_prod-s01-064-apac-southeastasia;migrationStage=NotStarted}
{"logTime": "0928/005624", "correlationVector":"GZWJWuOH9T8jwKOtOXqc2d","action":"Initial GetUpdates", "result":"", "context":Reason: NEWLY_SUPPORTED_DATATYPE. cV=GZWJWuOH9T8jwKOtOXqc2d}
{"logTime": "0928/005624", "correlationVector":"GZWJWuOH9T8jwKOtOXqc2d.1","action":"SyncServerConnectionManagerRequest", "result":"SYNC_SERVER_OK", "context":{"environment":"Prod_southeastasia_prod-s01-064-apac-southeastasia", "migrationStage":"NotStarted", "server":"akswtt00300005g"}}
{"logTime": "0928/005624", "correlationVector":"GZWJWuOH9T8jwKOtOXqc2d.2","action":"ProcessGetUpdates", "result":"Done", "context":{"dataType":"History", "deleted":"0", "process_failed_to_decrypt":"0", "process_pending_decryption":"0", "process_success":"250", "total":"250"}}
{"logTime": "0928/005624", "correlationVector":"GZWJWuOH9T8jwKOtOXqc2d.3","action":"GetUpdates Response", "result":"Success", "context":Received 250 update(s). cV=GZWJWuOH9T8jwKOtOXqc2d.0;server=akswtt00300005g;cloudType=Consumer;environment=Prod_southeastasia_prod-s01-064-apac-southeastasia;migrationStage=NotStarted Some updates remain.}
{"logTime": "0928/005624", "correlationVector":"L0SdmmsihuV1mwm7NGpuby","action":"Initial GetUpdates", "result":"", "context":Reason: NEWLY_SUPPORTED_DATATYPE. cV=L0SdmmsihuV1mwm7NGpuby}
{"logTime": "0928/005625", "correlationVector":"L0SdmmsihuV1mwm7NGpuby.1","action":"SyncServerConnectionManagerRequest", "result":"SYNC_SERVER_OK", "context":{"environment":"Prod_southeastasia_prod-s01-064-apac-southeastasia", "migrationStage":"NotStarted", "server":"akswtt00300003j"}}
{"logTime": "0928/005625", "correlationVector":"L0SdmmsihuV1mwm7NGpuby.2","action":"ProcessGetUpdates", "result":"Done", "context":{"dataType":"History", "deleted":"0", "process_failed_to_decrypt":"0", "process_pending_decryption":"0", "process_success":"250", "total":"250"}}
{"logTime": "0928/005625", "correlationVector":"L0SdmmsihuV1mwm7NGpuby.3","action":"GetUpdates Response", "result":"Success", "context":Received 250 update(s). cV=L0SdmmsihuV1mwm7NGpuby.0;server=akswtt00300003j;cloudType=Consumer;environment=Prod_southeastasia_prod-s01-064-apac-southeastasia;migrationStage=NotStarted Some updates remain.}
{"logTime": "0928/005625", "correlationVector":"lUWevnnCpSavFJA8q5dWc+","action":"Initial GetUpdates", "result":"", "context":Reason: NEWLY_SUPPORTED_DATATYPE. cV=lUWevnnCpSavFJA8q5dWc+}
{"logTime": "0928/005625", "correlationVector":"lUWevnnCpSavFJA8q5dWc+.1","action":"SyncServerConnectionManagerRequest", "result":"SYNC_SERVER_OK", "context":{"environment":"Prod_southeastasia_prod-s01-064-apac-southeastasia", "migrationStage":"NotStarted", "server":"akswtt00300002c"}}
{"logTime": "0928/005625", "correlationVector":"lUWevnnCpSavFJA8q5dWc+.2","action":"ProcessGetUpdates", "result":"Done", "context":{"dataType":"History", "deleted":"0", "process_failed_to_decrypt":"0", "process_pending_decryption":"0", "process_success":"250", "total":"250"}}
{"logTime": "0928/005625", "correlationVector":"lUWevnnCpSavFJA8q5dWc+.3","action":"GetUpdates Response", "result":"Success", "context":Received 250 update(s). cV=lUWevnnCpSavFJA8q5dWc+.0;server=akswtt00300002c;cloudType=Consumer;environment=Prod_southeastasia_prod-s01-064-apac-southeastasia;migrationStage=NotStarted Some updates remain.}
{"logTime": "0928/005625", "correlationVector":"3wXR/8Qr9xIofejbcn4RZ2","action":"Initial GetUpdates", "result":"", "context":Reason: NEWLY_SUPPORTED_DATATYPE. cV=3wXR/8Qr9xIofejbcn4RZ2}
{"logTime": "0928/005626", "correlationVector":"3wXR/8Qr9xIofejbcn4RZ2.1","action":"SyncServerConnectionManagerRequest", "result":"SYNC_SERVER_OK", "context":{"environment":"Prod_southeastasia_prod-s01-064-apac-southeastasia", "migrationStage":"NotStarted", "server":"akswtt00300002x"}}
{"logTime": "0928/005626", "correlationVector":"3wXR/8Qr9xIofejbcn4RZ2.2","action":"ProcessGetUpdates", "result":"Done", "context":{"dataType":"History", "deleted":"0", "process_failed_to_decrypt":"0", "process_pending_decryption":"0", "process_success":"250", "total":"250"}}
{"logTime": "0928/005626", "correlationVector":"3wXR/8Qr9xIofejbcn4RZ2.3","action":"GetUpdates Response", "result":"Success", "context":Received 250 update(s). cV=3wXR/8Qr9xIofejbcn4RZ2.0;server=akswtt00300002x;cloudType=Consumer;environment=Prod_southeastasia_prod-s01-064-apac-southeastasia;migrationStage=NotStarted Some updates remain.}
{"logTime": "0928/005626", "correlationVector":"B9EEnc3Zyh5+2TMLHO8dQI","action":"Initial GetUpdates", "result":"", "context":Reason: NEWLY_SUPPORTED_DATATYPE. cV=B9EEnc3Zyh5+2TMLHO8dQI}
{"logTime": "0928/005626", "correlationVector":"B9EEnc3Zyh5+2TMLHO8dQI.1","action":"SyncServerConnectionManagerRequest", "result":"SYNC_SERVER_OK", "context":{"environment":"Prod_southeastasia_prod-s01-064-apac-southeastasia", "migrationStage":"NotStarted", "server":"akswtt003000065"}}
{"logTime": "0928/005626", "correlationVector":"B9EEnc3Zyh5+2TMLHO8dQI.2","action":"ProcessGetUpdates", "result":"Done", "context":{"dataType":"History", "deleted":"0", "process_failed_to_decrypt":"0", "process_pending_decryption":"0", "process_success":"250", "total":"250"}}
{"logTime": "0928/005626", "correlationVector":"B9EEnc3Zyh5+2TMLHO8dQI.3","action":"GetUpdates Response", "result":"Success", "context":Received 250 update(s). cV=B9EEnc3Zyh5+2TMLHO8dQI.0;server=akswtt003000065;cloudType=Consumer;environment=Prod_southeastasia_prod-s01-064-apac-southeastasia;migrationStage=NotStarted Some updates remain.}
{"logTime": "0928/005626", "correlationVector":"bQvQmhQtf5DFjbDI6nATbY","action":"Initial GetUpdates", "result":"", "context":Reason: NEWLY_SUPPORTED_DATATYPE. cV=bQvQmhQtf5DFjbDI6nATbY}
{"logTime": "0928/005627", "correlationVector":"bQvQmhQtf5DFjbDI6nATbY.1","action":"SyncServerConnectionManagerRequest", "result":"SYNC_SERVER_OK", "context":{"environment":"Prod_southeastasia_prod-s01-064-apac-southeastasia", "migrationStage":"NotStarted", "server":"akswtt00300005j"}}
{"logTime": "0928/005627", "correlationVector":"bQvQmhQtf5DFjbDI6nATbY.2","action":"ProcessGetUpdates", "result":"Done", "context":{"dataType":"History", "deleted":"0", "process_failed_to_decrypt":"0", "process_pending_decryption":"0", "process_success":"250", "total":"250"}}
{"logTime": "0928/005627", "correlationVector":"bQvQmhQtf5DFjbDI6nATbY.3","action":"GetUpdates Response", "result":"Success", "context":Received 250 update(s). cV=bQvQmhQtf5DFjbDI6nATbY.0;server=akswtt00300005j;cloudType=Consumer;environment=Prod_southeastasia_prod-s01-064-apac-southeastasia;migrationStage=NotStarted Some updates remain.}
{"logTime": "0928/005627", "correlationVector":"Fwo69sr7oKnsCvlyY0T82K","action":"Initial GetUpdates", "result":"", "context":Reason: NEWLY_SUPPORTED_DATATYPE. cV=Fwo69sr7oKnsCvlyY0T82K}
{"logTime": "0928/005628", "correlationVector":"Fwo69sr7oKnsCvlyY0T82K.1","action":"SyncServerConnectionManagerRequest", "result":"SYNC_SERVER_OK", "context":{"environment":"Prod_southeastasia_prod-s01-064-apac-southeastasia", "migrationStage":"NotStarted", "server":"akswtt00300002x"}}
{"logTime": "0928/005628", "correlationVector":"Fwo69sr7oKnsCvlyY0T82K.2","action":"ProcessGetUpdates", "result":"Done", "context":{"dataType":"History", "deleted":"0", "process_failed_to_decrypt":"0", "process_pending_decryption":"0", "process_success":"250", "total":"250"}}
{"logTime": "0928/005628", "correlationVector":"Fwo69sr7oKnsCvlyY0T82K.3","action":"GetUpdates Response", "result":"Success", "context":Received 250 update(s). cV=Fwo69sr7oKnsCvlyY0T82K.0;server=akswtt00300002x;cloudType=Consumer;environment=Prod_southeastasia_prod-s01-064-apac-southeastasia;migrationStage=NotStarted Some updates remain.}
{"logTime": "0928/005628", "correlationVector":"IKVqeRVngafqV4yRt5YV13","action":"Initial GetUpdates", "result":"", "context":Reason: NEWLY_SUPPORTED_DATATYPE. cV=IKVqeRVngafqV4yRt5YV13}
{"logTime": "0928/005628", "correlationVector":"IKVqeRVngafqV4yRt5YV13.1","action":"SyncServerConnectionManagerRequest", "result":"SYNC_SERVER_OK", "context":{"environment":"Prod_southeastasia_prod-s01-064-apac-southeastasia", "migrationStage":"NotStarted", "server":"akswtt00300002u"}}
{"logTime": "0928/005628", "correlationVector":"IKVqeRVngafqV4yRt5YV13.2","action":"ProcessGetUpdates", "result":"Done", "context":{"dataType":"History", "deleted":"0", "process_failed_to_decrypt":"0", "process_pending_decryption":"0", "process_success":"250", "total":"250"}}
{"logTime": "0928/005628", "correlationVector":"IKVqeRVngafqV4yRt5YV13.3","action":"GetUpdates Response", "result":"Success", "context":Received 250 update(s). cV=IKVqeRVngafqV4yRt5YV13.0;server=akswtt00300002u;cloudType=Consumer;environment=Prod_southeastasia_prod-s01-064-apac-southeastasia;migrationStage=NotStarted Some updates remain.}
{"logTime": "0928/005628", "correlationVector":"2JDJn68KRmt+e75TGwHlRk","action":"Initial GetUpdates", "result":"", "context":Reason: NEWLY_SUPPORTED_DATATYPE. cV=2JDJn68KRmt+e75TGwHlRk}
{"logTime": "0928/005629", "correlationVector":"2JDJn68KRmt+e75TGwHlRk.1","action":"SyncServerConnectionManagerRequest", "result":"SYNC_SERVER_OK", "context":{"environment":"Prod_southeastasia_prod-s01-064-apac-southeastasia", "migrationStage":"NotStarted", "server":"akswtt00300002d"}}
{"logTime": "0928/005629", "correlationVector":"2JDJn68KRmt+e75TGwHlRk.2","action":"ProcessGetUpdates", "result":"Done", "context":{"dataType":"History", "deleted":"0", "process_failed_to_decrypt":"0", "process_pending_decryption":"0", "process_success":"250", "total":"250"}}
{"logTime": "0928/005629", "correlationVector":"2JDJn68KRmt+e75TGwHlRk.3","action":"GetUpdates Response", "result":"Success", "context":Received 250 update(s). cV=2JDJn68KRmt+e75TGwHlRk.0;server=akswtt00300002d;cloudType=Consumer;environment=Prod_southeastasia_prod-s01-064-apac-southeastasia;migrationStage=NotStarted Some updates remain.}
{"logTime": "0928/005629", "correlationVector":"SjqJnPAUopOAuEPgKL7YEz","action":"Initial GetUpdates", "result":"", "context":Reason: NEWLY_SUPPORTED_DATATYPE. cV=SjqJnPAUopOAuEPgKL7YEz}
{"logTime": "0928/005629", "correlationVector":"SjqJnPAUopOAuEPgKL7YEz.1","action":"SyncServerConnectionManagerRequest", "result":"SYNC_SERVER_OK", "context":{"environment":"Prod_southeastasia_prod-s01-064-apac-southeastasia", "migrationStage":"NotStarted", "server":"akswtt00300002d"}}
{"logTime": "0928/005629", "correlationVector":"SjqJnPAUopOAuEPgKL7YEz.2","action":"ProcessGetUpdates", "result":"Done", "context":{"dataType":"History", "deleted":"0", "process_failed_to_decrypt":"0", "process_pending_decryption":"0", "process_success":"250", "total":"250"}}
{"logTime": "0928/005629", "correlationVector":"SjqJnPAUopOAuEPgKL7YEz.3","action":"GetUpdates Response", "result":"Success", "context":Received 250 update(s). cV=SjqJnPAUopOAuEPgKL7YEz.0;server=akswtt00300002d;cloudType=Consumer;environment=Prod_southeastasia_prod-s01-064-apac-southeastasia;migrationStage=NotStarted Some updates remain.}
{"logTime": "0928/005629", "correlationVector":"ug+LqxZVo9Azwv3ZNgA5gs","action":"Initial GetUpdates", "result":"", "context":Reason: NEWLY_SUPPORTED_DATATYPE. cV=ug+LqxZVo9Azwv3ZNgA5gs}
{"logTime": "0928/005630", "correlationVector":"ug+LqxZVo9Azwv3ZNgA5gs.1","action":"SyncServerConnectionManagerRequest", "result":"SYNC_SERVER_OK", "context":{"environment":"Prod_southeastasia_prod-s01-064-apac-southeastasia", "migrationStage":"NotStarted", "server":"akswtt00300005j"}}
{"logTime": "0928/005630", "correlationVector":"ug+LqxZVo9Azwv3ZNgA5gs.2","action":"ProcessGetUpdates", "result":"Done", "context":{"dataType":"History", "deleted":"0", "process_failed_to_decrypt":"0", "process_pending_decryption":"0", "process_success":"250", "total":"250"}}
{"logTime": "0928/005630", "correlationVector":"ug+LqxZVo9Azwv3ZNgA5gs.3","action":"GetUpdates Response", "result":"Success", "context":Received 250 update(s). cV=ug+LqxZVo9Azwv3ZNgA5gs.0;server=akswtt00300005j;cloudType=Consumer;environment=Prod_southeastasia_prod-s01-064-apac-southeastasia;migrationStage=NotStarted Some updates remain.}
{"logTime": "0928/005630", "correlationVector":"F9eEcTxAXGt+uB6lguTcgn","action":"Initial GetUpdates", "result":"", "context":Reason: NEWLY_SUPPORTED_DATATYPE. cV=F9eEcTxAXGt+uB6lguTcgn}
{"logTime": "0928/005630", "correlationVector":"F9eEcTxAXGt+uB6lguTcgn.1","action":"SyncServerConnectionManagerRequest", "result":"SYNC_SERVER_OK", "context":{"environment":"Prod_southeastasia_prod-s01-064-apac-southeastasia", "migrationStage":"NotStarted", "server":"akswtt003000005"}}
{"logTime": "0928/005630", "correlationVector":"F9eEcTxAXGt+uB6lguTcgn.2","action":"ProcessGetUpdates", "result":"Done", "context":{"dataType":"History", "deleted":"0", "process_failed_to_decrypt":"0", "process_pending_decryption":"0", "process_success":"196", "total":"196"}}
{"logTime": "0928/005630", "correlationVector":"F9eEcTxAXGt+uB6lguTcgn.3","action":"GetUpdates Response", "result":"Success", "context":Received 196 update(s). cV=F9eEcTxAXGt+uB6lguTcgn.0;server=akswtt003000005;cloudType=Consumer;environment=Prod_southeastasia_prod-s01-064-apac-southeastasia;migrationStage=NotStarted}
{"logTime": "0928/005630", "correlationVector":"z6u7C7m/zU3eqpuTATDS18","action":"Normal GetUpdate request", "result":"", "context":cV=z6u7C7m/zU3eqpuTATDS18
Refresh requested types: Bookmarks, Passwords, Autofill Profiles, Autofill, History, Encryption Keys}
{"logTime": "0928/005630", "correlationVector":"z6u7C7m/zU3eqpuTATDS18.1","action":"SyncServerConnectionManagerRequest", "result":"SYNC_SERVER_OK", "context":{"environment":"Prod_southeastasia_prod-s01-064-apac-southeastasia", "migrationStage":"NotStarted", "server":"akswtt00300002x"}}
{"logTime": "0928/005630", "correlationVector":"z6u7C7m/zU3eqpuTATDS18.2","action":"GetUpdates Response", "result":"Success", "context":Received 0 update(s). cV=z6u7C7m/zU3eqpuTATDS18.0;server=akswtt00300002x;cloudType=Consumer;environment=Prod_southeastasia_prod-s01-064-apac-southeastasia;migrationStage=NotStarted}
{"logTime": "0928/005631", "correlationVector":"29PTmyuImQYd9fhlzvIu4b","action":"DoCompareDataConsistency requsted types: ", "result":"Bookmarks, Passwords, History, Encryption Keys"}
{"logTime": "0928/005631", "correlationVector":"29PTmyuImQYd9fhlzvIu4b.0","action":"CompareDataConsistency result: ", "result":"Compare result: Encryption Keys is consistent. local entities count is: 1 local entities hash is: LSqh70lGSlkUXCgPTxjcdtIn/0U="}
{"logTime": "0928/005631", "correlationVector":"29PTmyuImQYd9fhlzvIu4b.1","action":"CompareDataConsistency result: ", "result":"Compare result: Bookmarks is consistent. local entities count is: 0 local entities hash is: "}
{"logTime": "0928/005631", "correlationVector":"29PTmyuImQYd9fhlzvIu4b.2","action":"CompareDataConsistency result: ", "result":"Server did not send this History local entities count is: 1 local entities hash is: eYSwoOE5yrrbWvx3VtRz+zTSOBk="}
{"logTime": "0928/005631", "correlationVector":"29PTmyuImQYd9fhlzvIu4b.3","action":"CompareDataConsistency result: ", "result":"Compare result: Passwords is consistent. local entities count is: 1 local entities hash is: UQC3j4/JtOo4nqIuDrb4UORuvEE="}
{"logTime": "0928/005631", "correlationVector":"UCsDD80z1JOyWWkpNwlzDo","action":"Commit Request", "result":"", "context":Item count: 1
Contributing types: History}
{"logTime": "0928/005631", "correlationVector":"UCsDD80z1JOyWWkpNwlzDo.1","action":"SyncServerConnectionManagerRequest", "result":"SYNC_SERVER_OK", "context":{"environment":"Prod_southeastasia_prod-s01-064-apac-southeastasia", "migrationStage":"NotStarted", "server":"akswtt00300005b"}}
{"logTime": "0928/005631", "correlationVector":"UCsDD80z1JOyWWkpNwlzDo.2","action":"Commit Response", "result":"Success", "context":Result: Success. cV=UCsDD80z1JOyWWkpNwlzDo.0;server=akswtt00300005b;cloudType=Consumer;environment=Prod_southeastasia_prod-s01-064-apac-southeastasia;migrationStage=NotStarted}
{"logTime": "0928/005631", "correlationVector":"","action":"DIAGNOSTIC_REQUEST|v1/diagnosticData/Diagnostic.SendCheckResult()|SUCCESS", "result":""}
